// While loop without a condition
while {
  println("Hello!");
}
// incorrect initializer for function
var x(a) {
  a;
};

println(x(1));

// no semicolon at end of statement
var x = function() {

  a;
}
